MAP
  EXTENT -891817.1765 -1302364.41855 -440108.915899999 -850656.157949999
  IMAGETYPE "png"
  NAME "MS"
  SIZE 500 500
  STATUS ON
  UNITS METERS

  OUTPUTFORMAT
    NAME "png"
    MIMETYPE "image/png"
    DRIVER "AGG/PNG"
    EXTENSION "png"
    IMAGEMODE RGBA
    TRANSPARENT TRUE
  END # OUTPUTFORMAT

  PROJECTION
    "init=epsg:5514"
  END # PROJECTION
  LEGEND
    KEYSIZE 20 10
    KEYSPACING 5 5
    LABEL
      SIZE MEDIUM
      OFFSET 0 0
      SHADOWSIZE 1 1
      TYPE BITMAP
    END # LABEL
    STATUS OFF
  END # LEGEND

  QUERYMAP
    SIZE -1 -1
    STATUS OFF
    STYLE HILITE
  END # QUERYMAP

  SCALEBAR
    INTERVALS 4
    LABEL
      SIZE MEDIUM
      OFFSET 0 0
      SHADOWSIZE 1 1
      TYPE BITMAP
    END # LABEL
    SIZE 200 3
    STATUS OFF
    UNITS MILES
  END # SCALEBAR

  WEB
  END # WEB

  LAYER
    DATA "../../data/chko.shp"
    PROJECTION
      "init=epsg:5514"
    END # PROJECTION
    STATUS ON
    TILEITEM "location"
    TYPE POLYGON
    UNITS METERS
    CLASS
      STYLE
        COLOR 125 0 0
      END # STYLE
    END # CLASS
  END # LAYER

END # MAP
